{"schemaVersion":1,"command":"version","status":"ok","changed":false,"operationId":null,"exitCode":0,"data":{"product":"AI4J","executable":"ai4j","cliVersion":"0.0.0-dev","cliSource":{"repository":"github.com/alx4j/ai4j","objectFormat":"sha1","oid":"bbbbbbbbbbbbbbbbbbbbbbbbbbbbbbbbbbbbbbbb"},"goVersion":"go1.26.6","buildTime":"2026-08-18T10:00:00Z","target":{"os":"darwin","arch":"arm64"},"defaultSource":{"repository":"github.com/alx4j/ai4j","reference":null,"refPolicy":"repository_default_branch"}},"warnings":[],"errors":[]}
